[2023-03-13T13:44:22.204+0800][0.012s] CardTable entry size: 512
[2023-03-13T13:44:22.205+0800][0.012s] Using G1
[2023-03-13T13:44:22.378+0800][0.185s] Version: 19.0.2+7-44 (release)
[2023-03-13T13:44:22.378+0800][0.185s] CPUs: 8 total, 8 available
[2023-03-13T13:44:22.378+0800][0.185s] Memory: 7600M
[2023-03-13T13:44:22.378+0800][0.185s] Large Page Support: Disabled
[2023-03-13T13:44:22.378+0800][0.185s] NUMA Support: Disabled
[2023-03-13T13:44:22.378+0800][0.185s] Compressed Oops: Enabled (32-bit)
[2023-03-13T13:44:22.378+0800][0.185s] Heap Region Size: 1M
[2023-03-13T13:44:22.378+0800][0.185s] Heap Min Capacity: 512M
[2023-03-13T13:44:22.378+0800][0.185s] Heap Initial Capacity: 512M
[2023-03-13T13:44:22.378+0800][0.185s] Heap Max Capacity: 512M
[2023-03-13T13:44:22.378+0800][0.186s] Pre-touch: Enabled
[2023-03-13T13:44:22.379+0800][0.186s] Parallel Workers: 8
[2023-03-13T13:44:22.379+0800][0.186s] Concurrent Workers: 2
[2023-03-13T13:44:22.379+0800][0.186s] Concurrent Refinement Workers: 8
[2023-03-13T13:44:22.379+0800][0.186s] Periodic GC: Disabled
[2023-03-13T13:44:22.379+0800][0.187s] CDS archive(s) mapped at: [0x0000000800000000-0x0000000800c40000-0x0000000800c40000), size 12845056, SharedBaseAddress: 0x0000000800000000, ArchiveRelocationMode: 0.
[2023-03-13T13:44:22.380+0800][0.187s] Compressed class space mapped at: 0x0000000801000000-0x0000000841000000, reserved size: 1073741824
[2023-03-13T13:44:22.380+0800][0.187s] Narrow klass base: 0x0000000800000000, Narrow klass shift: 0, Narrow klass range: 0x100000000
[2023-03-13T13:44:23.459+0800][1.266s] GC(0) Pause Young (Normal) (G1 Evacuation Pause)
[2023-03-13T13:44:23.460+0800][1.267s] GC(0) Using 8 workers of 8 for evacuation
[2023-03-13T13:44:23.464+0800][1.272s] GC(0)   Pre Evacuate Collection Set: 0.1ms
[2023-03-13T13:44:23.464+0800][1.272s] GC(0)   Merge Heap Roots: 0.0ms
[2023-03-13T13:44:23.464+0800][1.272s] GC(0)   Evacuate Collection Set: 3.7ms
[2023-03-13T13:44:23.464+0800][1.272s] GC(0)   Post Evacuate Collection Set: 0.6ms
[2023-03-13T13:44:23.464+0800][1.272s] GC(0)   Other: 0.4ms
[2023-03-13T13:44:23.464+0800][1.272s] GC(0) Eden regions: 29->0(41)
[2023-03-13T13:44:23.464+0800][1.272s] GC(0) Survivor regions: 0->4(4)
[2023-03-13T13:44:23.464+0800][1.272s] GC(0) Old regions: 0->0
[2023-03-13T13:44:23.464+0800][1.272s] GC(0) Archive regions: 0->0
[2023-03-13T13:44:23.464+0800][1.272s] GC(0) Humongous regions: 0->0
[2023-03-13T13:44:23.464+0800][1.272s] GC(0) Metaspace: 7818K(8000K)->7818K(8000K) NonClass: 6945K(7040K)->6945K(7040K) Class: 873K(960K)->873K(960K)
[2023-03-13T13:44:23.464+0800][1.272s] GC(0) Pause Young (Normal) (G1 Evacuation Pause) 29M->3M(512M) 5.286ms
[2023-03-13T13:44:23.464+0800][1.272s] GC(0) User=0.00s Sys=0.00s Real=0.00s
[2023-03-13T13:44:24.371+0800][2.178s] GC(1) Pause Young (Normal) (G1 Evacuation Pause)
[2023-03-13T13:44:24.371+0800][2.178s] GC(1) Using 8 workers of 8 for evacuation
[2023-03-13T13:44:24.380+0800][2.187s] GC(1)   Pre Evacuate Collection Set: 0.1ms
[2023-03-13T13:44:24.380+0800][2.187s] GC(1)   Merge Heap Roots: 0.0ms
[2023-03-13T13:44:24.380+0800][2.187s] GC(1)   Evacuate Collection Set: 7.4ms
[2023-03-13T13:44:24.380+0800][2.187s] GC(1)   Post Evacuate Collection Set: 0.6ms
[2023-03-13T13:44:24.380+0800][2.187s] GC(1)   Other: 0.1ms
[2023-03-13T13:44:24.380+0800][2.187s] GC(1) Eden regions: 41->0(130)
[2023-03-13T13:44:24.380+0800][2.187s] GC(1) Survivor regions: 4->6(6)
[2023-03-13T13:44:24.380+0800][2.187s] GC(1) Old regions: 0->9
[2023-03-13T13:44:24.380+0800][2.187s] GC(1) Archive regions: 0->0
[2023-03-13T13:44:24.380+0800][2.187s] GC(1) Humongous regions: 4->4
[2023-03-13T13:44:24.380+0800][2.187s] GC(1) Metaspace: 17108K(17408K)->17108K(17408K) NonClass: 15193K(15360K)->15193K(15360K) Class: 1915K(2048K)->1915K(2048K)
[2023-03-13T13:44:24.380+0800][2.187s] GC(1) Pause Young (Normal) (G1 Evacuation Pause) 48M->18M(512M) 8.516ms
[2023-03-13T13:44:24.380+0800][2.187s] GC(1) User=0.00s Sys=0.00s Real=0.01s
[2023-03-13T13:44:25.073+0800][2.880s] GC(2) Pause Young (Normal) (G1 Evacuation Pause)
[2023-03-13T13:44:25.073+0800][2.880s] GC(2) Using 8 workers of 8 for evacuation
[2023-03-13T13:44:25.077+0800][2.885s] GC(2)   Pre Evacuate Collection Set: 0.1ms
[2023-03-13T13:44:25.078+0800][2.885s] GC(2)   Merge Heap Roots: 0.1ms
[2023-03-13T13:44:25.078+0800][2.885s] GC(2)   Evacuate Collection Set: 3.2ms
[2023-03-13T13:44:25.078+0800][2.885s] GC(2)   Post Evacuate Collection Set: 0.7ms
[2023-03-13T13:44:25.078+0800][2.885s] GC(2)   Other: 0.2ms
[2023-03-13T13:44:25.078+0800][2.885s] GC(2) Eden regions: 130->0(296)
[2023-03-13T13:44:25.078+0800][2.885s] GC(2) Survivor regions: 6->11(17)
[2023-03-13T13:44:25.078+0800][2.885s] GC(2) Old regions: 9->9
[2023-03-13T13:44:25.078+0800][2.885s] GC(2) Archive regions: 0->0
[2023-03-13T13:44:25.078+0800][2.885s] GC(2) Humongous regions: 4->4
[2023-03-13T13:44:25.078+0800][2.885s] GC(2) Metaspace: 19091K(19520K)->19091K(19520K) NonClass: 16998K(17216K)->16998K(17216K) Class: 2092K(2304K)->2092K(2304K)
[2023-03-13T13:44:25.078+0800][2.885s] GC(2) Pause Young (Normal) (G1 Evacuation Pause) 148M->23M(512M) 4.691ms
[2023-03-13T13:44:25.078+0800][2.885s] GC(2) User=0.00s Sys=0.00s Real=0.01s
[2023-03-13T13:44:25.336+0800][3.143s] GC(3) Pause Young (Concurrent Start) (Metadata GC Threshold)
[2023-03-13T13:44:25.336+0800][3.143s] GC(3) Using 8 workers of 8 for evacuation
[2023-03-13T13:44:25.340+0800][3.148s] GC(3)   Pre Evacuate Collection Set: 0.2ms
[2023-03-13T13:44:25.341+0800][3.148s] GC(3)   Merge Heap Roots: 0.0ms
[2023-03-13T13:44:25.341+0800][3.148s] GC(3)   Evacuate Collection Set: 3.3ms
[2023-03-13T13:44:25.341+0800][3.148s] GC(3)   Post Evacuate Collection Set: 0.7ms
[2023-03-13T13:44:25.341+0800][3.148s] GC(3)   Other: 0.1ms
[2023-03-13T13:44:25.341+0800][3.148s] GC(3) Eden regions: 43->0(294)
[2023-03-13T13:44:25.341+0800][3.148s] GC(3) Survivor regions: 11->13(39)
[2023-03-13T13:44:25.341+0800][3.148s] GC(3) Old regions: 9->9
[2023-03-13T13:44:25.341+0800][3.148s] GC(3) Archive regions: 0->0
[2023-03-13T13:44:25.341+0800][3.148s] GC(3) Humongous regions: 5->4
[2023-03-13T13:44:25.341+0800][3.148s] GC(3) Metaspace: 21106K(21504K)->21106K(21504K) NonClass: 18741K(18944K)->18741K(18944K) Class: 2364K(2560K)->2364K(2560K)
[2023-03-13T13:44:25.341+0800][3.148s] GC(3) Pause Young (Concurrent Start) (Metadata GC Threshold) 67M->24M(512M) 4.677ms
[2023-03-13T13:44:25.341+0800][3.148s] GC(3) User=0.00s Sys=0.00s Real=0.01s
[2023-03-13T13:44:25.341+0800][3.148s] GC(4) Concurrent Mark Cycle
[2023-03-13T13:44:25.341+0800][3.148s] GC(4) Concurrent Clear Claimed Marks
[2023-03-13T13:44:25.341+0800][3.148s] GC(4) Concurrent Clear Claimed Marks 0.043ms
[2023-03-13T13:44:25.341+0800][3.148s] GC(4) Concurrent Scan Root Regions
[2023-03-13T13:44:25.343+0800][3.150s] GC(4) Concurrent Scan Root Regions 2.306ms
[2023-03-13T13:44:25.343+0800][3.150s] GC(4) Concurrent Mark
[2023-03-13T13:44:25.343+0800][3.150s] GC(4) Concurrent Mark From Roots
[2023-03-13T13:44:25.343+0800][3.150s] GC(4) Using 2 workers of 2 for marking
[2023-03-13T13:44:25.350+0800][3.157s] GC(4) Concurrent Mark From Roots 6.303ms
[2023-03-13T13:44:25.350+0800][3.157s] GC(4) Concurrent Preclean
[2023-03-13T13:44:25.350+0800][3.157s] GC(4) Concurrent Preclean 0.071ms
[2023-03-13T13:44:25.350+0800][3.157s] GC(4) Pause Remark
[2023-03-13T13:44:25.352+0800][3.159s] GC(4) Pause Remark 26M->26M(512M) 1.817ms
[2023-03-13T13:44:25.352+0800][3.159s] GC(4) User=0.00s Sys=0.00s Real=0.00s
[2023-03-13T13:44:25.352+0800][3.159s] GC(4) Concurrent Mark 8.490ms
[2023-03-13T13:44:25.352+0800][3.159s] GC(4) Concurrent Rebuild Remembered Sets
[2023-03-13T13:44:25.355+0800][3.162s] GC(4) Concurrent Rebuild Remembered Sets 3.251ms
[2023-03-13T13:44:25.355+0800][3.162s] GC(4) Pause Cleanup
[2023-03-13T13:44:25.355+0800][3.163s] GC(4) Pause Cleanup 26M->26M(512M) 0.116ms
[2023-03-13T13:44:25.355+0800][3.163s] GC(4) User=0.00s Sys=0.00s Real=0.00s
[2023-03-13T13:44:25.355+0800][3.163s] GC(4) Concurrent Cleanup for Next Mark
[2023-03-13T13:44:25.356+0800][3.164s] GC(4) Concurrent Cleanup for Next Mark 1.023ms
[2023-03-13T13:44:25.357+0800][3.164s] GC(4) Concurrent Mark Cycle 16.067ms
[2023-03-13T13:44:29.114+0800][6.921s] GC(5) Pause Young (Prepare Mixed) (Metadata GC Threshold)
[2023-03-13T13:44:29.114+0800][6.921s] GC(5) Using 8 workers of 8 for evacuation
[2023-03-13T13:44:29.123+0800][6.930s] GC(5)   Pre Evacuate Collection Set: 0.2ms
[2023-03-13T13:44:29.123+0800][6.930s] GC(5)   Merge Heap Roots: 0.1ms
[2023-03-13T13:44:29.123+0800][6.930s] GC(5)   Evacuate Collection Set: 7.8ms
[2023-03-13T13:44:29.123+0800][6.930s] GC(5)   Post Evacuate Collection Set: 1.1ms
[2023-03-13T13:44:29.123+0800][6.930s] GC(5)   Other: 0.1ms
[2023-03-13T13:44:29.123+0800][6.930s] GC(5) Eden regions: 226->0(7)
[2023-03-13T13:44:29.123+0800][6.930s] GC(5) Survivor regions: 13->18(39)
[2023-03-13T13:44:29.123+0800][6.930s] GC(5) Old regions: 9->9
[2023-03-13T13:44:29.123+0800][6.930s] GC(5) Archive regions: 0->0
[2023-03-13T13:44:29.123+0800][6.930s] GC(5) Humongous regions: 4->4
[2023-03-13T13:44:29.123+0800][6.930s] GC(5) Metaspace: 35469K(35968K)->35469K(35968K) NonClass: 31363K(31616K)->31363K(31616K) Class: 4106K(4352K)->4106K(4352K)
[2023-03-13T13:44:29.123+0800][6.930s] GC(5) Pause Young (Prepare Mixed) (Metadata GC Threshold) 250M->29M(512M) 9.611ms
[2023-03-13T13:44:29.123+0800][6.930s] GC(5) User=0.11s Sys=0.00s Real=0.01s
[2023-03-13T13:44:29.207+0800][7.014s] GC(6) Pause Young (Mixed) (G1 Evacuation Pause)
[2023-03-13T13:44:29.207+0800][7.014s] GC(6) Using 8 workers of 8 for evacuation
[2023-03-13T13:44:29.215+0800][7.022s] GC(6)   Pre Evacuate Collection Set: 0.1ms
[2023-03-13T13:44:29.215+0800][7.022s] GC(6)   Merge Heap Roots: 0.1ms
[2023-03-13T13:44:29.215+0800][7.022s] GC(6)   Evacuate Collection Set: 6.7ms
[2023-03-13T13:44:29.215+0800][7.022s] GC(6)   Post Evacuate Collection Set: 0.6ms
[2023-03-13T13:44:29.215+0800][7.022s] GC(6)   Other: 0.1ms
[2023-03-13T13:44:29.215+0800][7.022s] GC(6) Eden regions: 7->0(305)
[2023-03-13T13:44:29.215+0800][7.022s] GC(6) Survivor regions: 18->2(4)
[2023-03-13T13:44:29.215+0800][7.022s] GC(6) Old regions: 9->25
[2023-03-13T13:44:29.215+0800][7.022s] GC(6) Archive regions: 0->0
[2023-03-13T13:44:29.215+0800][7.022s] GC(6) Humongous regions: 4->4
[2023-03-13T13:44:29.215+0800][7.022s] GC(6) Metaspace: 35743K(36224K)->35743K(36224K) NonClass: 31605K(31872K)->31605K(31872K) Class: 4138K(4352K)->4138K(4352K)
[2023-03-13T13:44:29.215+0800][7.022s] GC(6) Pause Young (Mixed) (G1 Evacuation Pause) 36M->30M(512M) 7.770ms
[2023-03-13T13:44:29.215+0800][7.022s] GC(6) User=0.11s Sys=0.00s Real=0.01s
[2023-03-13T13:44:29.227+0800][7.034s] GC(7) Pause Young (Concurrent Start) (Metadata GC Threshold)
[2023-03-13T13:44:29.227+0800][7.034s] GC(7) Using 8 workers of 8 for evacuation
[2023-03-13T13:44:29.228+0800][7.035s] GC(7)   Pre Evacuate Collection Set: 0.1ms
[2023-03-13T13:44:29.228+0800][7.035s] GC(7)   Merge Heap Roots: 0.0ms
[2023-03-13T13:44:29.228+0800][7.035s] GC(7)   Evacuate Collection Set: 0.7ms
[2023-03-13T13:44:29.228+0800][7.035s] GC(7)   Post Evacuate Collection Set: 0.3ms
[2023-03-13T13:44:29.228+0800][7.035s] GC(7)   Other: 0.1ms
[2023-03-13T13:44:29.228+0800][7.035s] GC(7) Eden regions: 2->0(306)
[2023-03-13T13:44:29.228+0800][7.035s] GC(7) Survivor regions: 2->1(39)
[2023-03-13T13:44:29.228+0800][7.035s] GC(7) Old regions: 25->25
[2023-03-13T13:44:29.228+0800][7.035s] GC(7) Archive regions: 0->0
[2023-03-13T13:44:29.228+0800][7.035s] GC(7) Humongous regions: 4->4
[2023-03-13T13:44:29.228+0800][7.035s] GC(7) Metaspace: 35835K(36288K)->35835K(36288K) NonClass: 31687K(31936K)->31687K(31936K) Class: 4147K(4352K)->4147K(4352K)
[2023-03-13T13:44:29.228+0800][7.035s] GC(7) Pause Young (Concurrent Start) (Metadata GC Threshold) 32M->29M(512M) 1.491ms
[2023-03-13T13:44:29.228+0800][7.035s] GC(7) User=0.00s Sys=0.00s Real=0.00s
[2023-03-13T13:44:29.228+0800][7.035s] GC(8) Concurrent Mark Cycle
[2023-03-13T13:44:29.228+0800][7.035s] GC(8) Concurrent Clear Claimed Marks
[2023-03-13T13:44:29.228+0800][7.035s] GC(8) Concurrent Clear Claimed Marks 0.030ms
[2023-03-13T13:44:29.229+0800][7.035s] GC(8) Concurrent Scan Root Regions
[2023-03-13T13:44:29.229+0800][7.036s] GC(8) Concurrent Scan Root Regions 0.678ms
[2023-03-13T13:44:29.229+0800][7.036s] GC(8) Concurrent Mark
[2023-03-13T13:44:29.229+0800][7.036s] GC(8) Concurrent Mark From Roots
[2023-03-13T13:44:29.229+0800][7.036s] GC(8) Using 2 workers of 2 for marking
[2023-03-13T13:44:29.247+0800][7.054s] GC(8) Concurrent Mark From Roots 18.136ms
[2023-03-13T13:44:29.247+0800][7.054s] GC(8) Concurrent Preclean
[2023-03-13T13:44:29.248+0800][7.055s] GC(8) Concurrent Preclean 0.135ms
[2023-03-13T13:44:29.248+0800][7.055s] GC(8) Pause Remark
[2023-03-13T13:44:29.250+0800][7.057s] GC(8) Pause Remark 31M->31M(512M) 2.213ms
[2023-03-13T13:44:29.250+0800][7.057s] GC(8) User=0.00s Sys=0.00s Real=0.00s
[2023-03-13T13:44:29.250+0800][7.057s] GC(8) Concurrent Mark 20.774ms
[2023-03-13T13:44:29.250+0800][7.057s] GC(8) Concurrent Rebuild Remembered Sets
[2023-03-13T13:44:29.257+0800][7.064s] GC(8) Concurrent Rebuild Remembered Sets 6.947ms
[2023-03-13T13:44:29.257+0800][7.064s] GC(8) Pause Cleanup
[2023-03-13T13:44:29.257+0800][7.064s] GC(8) Pause Cleanup 32M->32M(512M) 0.107ms
[2023-03-13T13:44:29.257+0800][7.064s] GC(8) User=0.00s Sys=0.00s Real=0.00s
[2023-03-13T13:44:29.257+0800][7.064s] GC(8) Concurrent Cleanup for Next Mark
[2023-03-13T13:44:29.258+0800][7.065s] GC(8) Concurrent Cleanup for Next Mark 0.808ms
[2023-03-13T13:44:29.258+0800][7.065s] GC(8) Concurrent Mark Cycle 29.819ms
